[3960034.igen.app/pwa.html]
[igappfiles.azureedge.net/public/static/jquery-1.12.4.min.js]
[igappfiles.azureedge.net/public/static/kendo.mobile.min.js]
[igenwebapps.azureedge.net/js/igscript5.0.min275b.js]
[ajax.googleapis.com/ajax/libs/webfont/1.6.26/webfont.js]
[igappblobs.azureedge.net/users/3553397/3960034/trans_backgroundbb80.png]
[backblue.gif]
[fade.gif]
[index.html]
[igappblobs.azureedge.net/users/3553397/3960034/apple-touch-icon-precomposed5e1f.png]
[igappblobs.azureedge.net/users/3553397/3960034/splash-640x11365e1f.png]
[igappblobs.azureedge.net/users/3553397/3960034/splash-750x13345e1f.png]
[igappblobs.azureedge.net/users/3553397/3960034/splash-1125x24365e1f.png]
[igappblobs.azureedge.net/users/3553397/3960034/splash-1242x22085e1f.png]
[3960034.igen.app/index.html]
[igappblobs.azureedge.net/users/3553397/3960034/splash-828x17925e1f.png]
[igappblobs.azureedge.net/users/3553397/3960034/splash-1242x26885e1f.png]
[3960034.igen.app/manifestf053.json]
[igstatic.azureedge.net/users/mobile/site/Icon-72x72.png]
[igstatic.azureedge.net/users/mobile/site/apple-touch-icon-precomposed.png]
[3960034.igen.app/sw.min.js]
[connect.facebook.net/en_US/sdk.js]
[3960034.igen.app/safe_image.12.delayed]
[3960034.igen.app/app_full_proxy.13.delayed]
[3960034.igen.app/pwa.html]
[igappblobs.blob.core.windows.net/users/3553397/3960034/apple-touch-icon-precomposed.png]
[3960034.igen.app/favicon.ico]
[maxcdn.bootstrapcdn.com/font-awesome/4.4.0/css/font-awesome.min.css]
[maxcdn.bootstrapcdn.com/bootstrap/3.3.5/css/bootstrap.min.css]
[igenwebapps.azureedge.net/Content/pcview.min.css]
[az611828.vo.msecnd.net/public/pc/stores/btn-app-store.png]
[az611828.vo.msecnd.net/public/pc/stores/btn-google-play.png]
[ajax.googleapis.com/ajax/libs/jquery/1.11.3/jquery.min.js]
[code.jquery.com/jquery-migrate-1.2.1.min.js]
[maxcdn.bootstrapcdn.com/bootstrap/3.3.5/js/bootstrap.min.js]
[igenwebapps.azureedge.net/js/pcview.min.js]
[www.google-analytics.com/analytics.js]
[3960034.igen.app/index.html]
[connect.facebook.net/en_US/sdk.js]
[3960034.igen.app/safe_image.html]
[3960034.igen.app/app_full_proxy.html]
[maxcdn.bootstrapcdn.com/font-awesome/4.4.0/css/font-awesome.min.css]
[maxcdn.bootstrapcdn.com/bootstrap/3.3.5/css/bootstrap.min.css]
[az611828.vo.msecnd.net/public/pc/devices/iphone6-gold.png]
[az611828.vo.msecnd.net/public/pc/devices/iphone6-grey.png]
[az611828.vo.msecnd.net/public/pc/devices/android-black.png]
[az611828.vo.msecnd.net/public/pc/background/diamond_upholstery.png]
[igenappsfiles.blob.core.windows.net/public/pcview/background-squares-resized.png]
[igenwebapps.azureedge.net/Content/pcview.min.css]
